#-----------------------------------------------------------
# Vivado v2018.1 (64-bit)
# SW Build 2188600 on Wed Apr  4 18:40:38 MDT 2018
# IP Build 2185939 on Wed Apr  4 20:55:05 MDT 2018
# Start of session at: Mon Sep 28 19:13:54 2020
# Process ID: 11664
# Current directory: C:/Users/David/Dropbox/LRPC Code/hardware/ROLLO Decrypt/ROLLO-III-Decrypt
# Command line: vivado.exe -gui_launcher_event rodinguilauncherevent2768 C:\Users\David\Dropbox\LRPC Code\hardware\ROLLO Decrypt\ROLLO-III-Decrypt\ROLLO-III-Decrypt.xpr
# Log file: C:/Users/David/Dropbox/LRPC Code/hardware/ROLLO Decrypt/ROLLO-III-Decrypt/vivado.log
# Journal file: C:/Users/David/Dropbox/LRPC Code/hardware/ROLLO Decrypt/ROLLO-III-Decrypt\vivado.jou
#-----------------------------------------------------------
start_gui
open_project {C:/Users/David/Dropbox/LRPC Code/hardware/ROLLO Decrypt/ROLLO-III-Decrypt/ROLLO-III-Decrypt.xpr}
update_compile_order -fileset sources_1
reset_run impl_1
launch_runs impl_1 -jobs 8
wait_on_run impl_1
open_run impl_1
report_timing_summary -delay_type min_max -report_unconstrained -check_timing_verbose -max_paths 10 -input_pins -routable_nets -name timing_1
report_utilization -name utilization_1
