Copyright 1986-2018 Xilinx, Inc. All Rights Reserved.
-------------------------------------------------------------------------------------------------------------------------------------------------------
| Tool Version     : Vivado v.2018.1 (win64) Build 2188600 Wed Apr  4 18:40:38 MDT 2018
| Date             : Mon Sep 28 19:35:29 2020
| Host             : David-NTU-Desktop running 64-bit major release  (build 9200)
| Command          : report_power -file decrypt_top_power_routed.rpt -pb decrypt_top_power_summary_routed.pb -rpx decrypt_top_power_routed.rpx
| Design           : decrypt_top
| Device           : xc7a200tsbg484-1
| Design State     : routed
| Grade            : commercial
| Process          : typical
| Characterization : Production
-------------------------------------------------------------------------------------------------------------------------------------------------------

Power Report

Table of Contents
-----------------
1. Summary
1.1 On-Chip Components
1.2 Power Supply Summary
1.3 Confidence Level
2. Settings
2.1 Environment
2.2 Clock Constraints
3. Detailed Reports
3.1 By Hierarchy

1. Summary
----------

+--------------------------+--------------+
| Total On-Chip Power (W)  | 1.449        |
| Design Power Budget (W)  | Unspecified* |
| Power Budget Margin (W)  | NA           |
| Dynamic (W)              | 1.308        |
| Device Static (W)        | 0.141        |
| Effective TJA (C/W)      | 3.3          |
| Max Ambient (C)          | 80.2         |
| Junction Temperature (C) | 29.8         |
| Confidence Level         | Medium       |
| Setting File             | ---          |
| Simulation Activity File | ---          |
| Design Nets Matched      | NA           |
+--------------------------+--------------+
* Specify Design Power Budget using, set_operating_conditions -design_power_budget <value in Watts>


1.1 On-Chip Components
----------------------

+--------------------------+-----------+----------+-----------+-----------------+
| On-Chip                  | Power (W) | Used     | Available | Utilization (%) |
+--------------------------+-----------+----------+-----------+-----------------+
| Clocks                   |     0.254 |        3 |       --- |             --- |
| Slice Logic              |     0.297 |    86268 |       --- |             --- |
|   LUT as Logic           |     0.275 |    48029 |    133800 |           35.90 |
|   LUT as Shift Register  |     0.011 |     1457 |     46200 |            3.15 |
|   Register               |     0.011 |    23140 |    267600 |            8.65 |
|   CARRY4                 |    <0.001 |       19 |     33450 |            0.06 |
|   Others                 |     0.000 |     1970 |       --- |             --- |
|   LUT as Distributed RAM |     0.000 |      101 |     46200 |            0.22 |
| Signals                  |     0.480 |    67494 |       --- |             --- |
| Block RAM                |     0.275 |     45.5 |       365 |           12.47 |
| I/O                      |     0.002 |        5 |       285 |            1.75 |
| Static Power             |     0.141 |          |           |                 |
| Total                    |     1.449 |          |           |                 |
+--------------------------+-----------+----------+-----------+-----------------+


1.2 Power Supply Summary
------------------------

+-----------+-------------+-----------+-------------+------------+
| Source    | Voltage (V) | Total (A) | Dynamic (A) | Static (A) |
+-----------+-------------+-----------+-------------+------------+
| Vccint    |       1.000 |     1.324 |       1.286 |      0.038 |
| Vccaux    |       1.800 |     0.031 |       0.000 |      0.031 |
| Vcco33    |       3.300 |     0.000 |       0.000 |      0.000 |
| Vcco25    |       2.500 |     0.000 |       0.000 |      0.000 |
| Vcco18    |       1.800 |     0.006 |       0.001 |      0.005 |
| Vcco15    |       1.500 |     0.000 |       0.000 |      0.000 |
| Vcco135   |       1.350 |     0.000 |       0.000 |      0.000 |
| Vcco12    |       1.200 |     0.000 |       0.000 |      0.000 |
| Vccaux_io |       1.800 |     0.000 |       0.000 |      0.000 |
| Vccbram   |       1.000 |     0.023 |       0.020 |      0.002 |
| MGTAVcc   |       1.000 |     0.000 |       0.000 |      0.000 |
| MGTAVtt   |       1.200 |     0.000 |       0.000 |      0.000 |
| Vccadc    |       1.800 |     0.020 |       0.000 |      0.020 |
+-----------+-------------+-----------+-------------+------------+


1.3 Confidence Level
--------------------

+-----------------------------+------------+-------------------------------------------------------+------------------------------------------------------------------------------------------------------------+
| User Input Data             | Confidence | Details                                               | Action                                                                                                     |
+-----------------------------+------------+-------------------------------------------------------+------------------------------------------------------------------------------------------------------------+
| Design implementation state | High       | Design is routed                                      |                                                                                                            |
| Clock nodes activity        | High       | User specified more than 95% of clocks                |                                                                                                            |
| I/O nodes activity          | Medium     | More than 5% of inputs are missing user specification | Provide missing input activity with simulation results or by editing the "By Resource Type -> I/Os" view   |
| Internal nodes activity     | Medium     | User specified less than 25% of internal nodes        | Provide missing internal nodes activity with simulation results or by editing the "By Resource Type" views |
| Device models               | High       | Device models are Production                          |                                                                                                            |
|                             |            |                                                       |                                                                                                            |
| Overall confidence level    | Medium     |                                                       |                                                                                                            |
+-----------------------------+------------+-------------------------------------------------------+------------------------------------------------------------------------------------------------------------+


2. Settings
-----------

2.1 Environment
---------------

+-----------------------+--------------------------+
| Ambient Temp (C)      | 25.0                     |
| ThetaJA (C/W)         | 3.3                      |
| Airflow (LFM)         | 250                      |
| Heat Sink             | medium (Medium Profile)  |
| ThetaSA (C/W)         | 4.6                      |
| Board Selection       | medium (10"x10")         |
| # of Board Layers     | 12to15 (12 to 15 Layers) |
| Board Temperature (C) | 25.0                     |
+-----------------------+--------------------------+


2.2 Clock Constraints
---------------------

+-------+--------+-----------------+
| Clock | Domain | Constraint (ns) |
+-------+--------+-----------------+
| clk   | clk    |             6.2 |
+-------+--------+-----------------+


3. Detailed Reports
-------------------

3.1 By Hierarchy
----------------

+-------------------------+-----------+
| Name                    | Power (W) |
+-------------------------+-----------+
| decrypt_top             |     1.308 |
|   RSR                   |     0.268 |
|     CTRL                |     0.003 |
|     SA                  |     0.265 |
|       AB_0_0            |    <0.001 |
|       AB_0_1            |    <0.001 |
|       AB_0_10           |    <0.001 |
|       AB_0_100          |    <0.001 |
|       AB_0_101          |    <0.001 |
|       AB_0_102          |    <0.001 |
|       AB_0_103          |    <0.001 |
|       AB_0_104          |    <0.001 |
|       AB_0_105          |    <0.001 |
|       AB_0_106          |    <0.001 |
|       AB_0_107          |    <0.001 |
|       AB_0_108          |    <0.001 |
|       AB_0_109          |    <0.001 |
|       AB_0_11           |    <0.001 |
|       AB_0_110          |    <0.001 |
|       AB_0_111          |    <0.001 |
|       AB_0_112          |    <0.001 |
|       AB_0_113          |    <0.001 |
|       AB_0_114          |    <0.001 |
|       AB_0_115          |    <0.001 |
|       AB_0_116          |    <0.001 |
|       AB_0_117          |    <0.001 |
|       AB_0_118          |    <0.001 |
|       AB_0_119          |    <0.001 |
|       AB_0_12           |    <0.001 |
|       AB_0_120          |    <0.001 |
|       AB_0_121          |    <0.001 |
|       AB_0_122          |    <0.001 |
|       AB_0_123          |    <0.001 |
|       AB_0_124          |    <0.001 |
|       AB_0_125          |    <0.001 |
|       AB_0_126          |    <0.001 |
|       AB_0_127          |    <0.001 |
|       AB_0_128          |    <0.001 |
|       AB_0_129          |    <0.001 |
|       AB_0_13           |    <0.001 |
|       AB_0_130          |    <0.001 |
|       AB_0_131          |    <0.001 |
|       AB_0_132          |    <0.001 |
|       AB_0_133          |    <0.001 |
|       AB_0_134          |    <0.001 |
|       AB_0_135          |    <0.001 |
|       AB_0_136          |    <0.001 |
|       AB_0_137          |    <0.001 |
|       AB_0_138          |    <0.001 |
|       AB_0_139          |    <0.001 |
|       AB_0_14           |    <0.001 |
|       AB_0_140          |    <0.001 |
|       AB_0_141          |    <0.001 |
|       AB_0_142          |    <0.001 |
|       AB_0_143          |    <0.001 |
|       AB_0_144          |    <0.001 |
|       AB_0_145          |    <0.001 |
|       AB_0_146          |    <0.001 |
|       AB_0_147          |    <0.001 |
|       AB_0_148          |    <0.001 |
|       AB_0_149          |    <0.001 |
|       AB_0_15           |    <0.001 |
|       AB_0_150          |    <0.001 |
|       AB_0_151          |    <0.001 |
|       AB_0_152          |    <0.001 |
|       AB_0_153          |    <0.001 |
|       AB_0_154          |    <0.001 |
|       AB_0_155          |    <0.001 |
|       AB_0_156          |    <0.001 |
|       AB_0_157          |    <0.001 |
|       AB_0_158          |    <0.001 |
|       AB_0_159          |    <0.001 |
|       AB_0_16           |    <0.001 |
|       AB_0_160          |    <0.001 |
|       AB_0_161          |    <0.001 |
|       AB_0_162          |    <0.001 |
|       AB_0_163          |    <0.001 |
|       AB_0_164          |    <0.001 |
|       AB_0_165          |    <0.001 |
|       AB_0_166          |    <0.001 |
|       AB_0_167          |    <0.001 |
|       AB_0_168          |    <0.001 |
|       AB_0_169          |    <0.001 |
|       AB_0_17           |    <0.001 |
|       AB_0_170          |    <0.001 |
|       AB_0_171          |    <0.001 |
|       AB_0_172          |    <0.001 |
|       AB_0_173          |    <0.001 |
|       AB_0_174          |    <0.001 |
|       AB_0_175          |    <0.001 |
|       AB_0_176          |    <0.001 |
|       AB_0_177          |    <0.001 |
|       AB_0_178          |    <0.001 |
|       AB_0_179          |    <0.001 |
|       AB_0_18           |    <0.001 |
|       AB_0_180          |    <0.001 |
|       AB_0_181          |    <0.001 |
|       AB_0_182          |    <0.001 |
|       AB_0_183          |    <0.001 |
|       AB_0_184          |    <0.001 |
|       AB_0_185          |    <0.001 |
|       AB_0_186          |    <0.001 |
|       AB_0_187          |    <0.001 |
|       AB_0_188          |    <0.001 |
|       AB_0_189          |    <0.001 |
|       AB_0_19           |    <0.001 |
|       AB_0_190          |    <0.001 |
|       AB_0_191          |    <0.001 |
|       AB_0_192          |    <0.001 |
|       AB_0_193          |    <0.001 |
|       AB_0_194          |    <0.001 |
|       AB_0_195          |    <0.001 |
|       AB_0_196          |    <0.001 |
|       AB_0_197          |    <0.001 |
|       AB_0_198          |    <0.001 |
|       AB_0_199          |    <0.001 |
|       AB_0_2            |    <0.001 |
|       AB_0_20           |    <0.001 |
|       AB_0_200          |    <0.001 |
|       AB_0_201          |    <0.001 |
|       AB_0_21           |    <0.001 |
|       AB_0_22           |    <0.001 |
|       AB_0_23           |    <0.001 |
|       AB_0_24           |    <0.001 |
|       AB_0_25           |    <0.001 |
|       AB_0_26           |    <0.001 |
|       AB_0_27           |    <0.001 |
|       AB_0_28           |    <0.001 |
|       AB_0_29           |    <0.001 |
|       AB_0_3            |    <0.001 |
|       AB_0_30           |    <0.001 |
|       AB_0_31           |    <0.001 |
|       AB_0_32           |    <0.001 |
|       AB_0_33           |    <0.001 |
|       AB_0_34           |    <0.001 |
|       AB_0_35           |    <0.001 |
|       AB_0_36           |    <0.001 |
|       AB_0_37           |    <0.001 |
|       AB_0_38           |    <0.001 |
|       AB_0_39           |    <0.001 |
|       AB_0_4            |    <0.001 |
|       AB_0_40           |    <0.001 |
|       AB_0_41           |    <0.001 |
|       AB_0_42           |    <0.001 |
|       AB_0_43           |    <0.001 |
|       AB_0_44           |    <0.001 |
|       AB_0_45           |    <0.001 |
|       AB_0_46           |    <0.001 |
|       AB_0_47           |    <0.001 |
|       AB_0_48           |    <0.001 |
|       AB_0_49           |    <0.001 |
|       AB_0_5            |    <0.001 |
|       AB_0_50           |    <0.001 |
|       AB_0_51           |    <0.001 |
|       AB_0_52           |    <0.001 |
|       AB_0_53           |    <0.001 |
|       AB_0_54           |    <0.001 |
|       AB_0_55           |    <0.001 |
|       AB_0_56           |    <0.001 |
|       AB_0_57           |    <0.001 |
|       AB_0_58           |    <0.001 |
|       AB_0_59           |    <0.001 |
|       AB_0_6            |    <0.001 |
|       AB_0_60           |    <0.001 |
|       AB_0_61           |    <0.001 |
|       AB_0_62           |    <0.001 |
|       AB_0_63           |    <0.001 |
|       AB_0_64           |    <0.001 |
|       AB_0_65           |    <0.001 |
|       AB_0_66           |    <0.001 |
|       AB_0_67           |    <0.001 |
|       AB_0_68           |    <0.001 |
|       AB_0_69           |    <0.001 |
|       AB_0_7            |    <0.001 |
|       AB_0_70           |    <0.001 |
|       AB_0_71           |    <0.001 |
|       AB_0_72           |    <0.001 |
|       AB_0_73           |    <0.001 |
|       AB_0_74           |    <0.001 |
|       AB_0_75           |    <0.001 |
|       AB_0_76           |    <0.001 |
|       AB_0_77           |    <0.001 |
|       AB_0_78           |    <0.001 |
|       AB_0_79           |    <0.001 |
|       AB_0_8            |    <0.001 |
|       AB_0_80           |    <0.001 |
|       AB_0_81           |    <0.001 |
|       AB_0_82           |    <0.001 |
|       AB_0_83           |    <0.001 |
|       AB_0_84           |    <0.001 |
|       AB_0_85           |    <0.001 |
|       AB_0_86           |    <0.001 |
|       AB_0_87           |    <0.001 |
|       AB_0_88           |    <0.001 |
|       AB_0_89           |    <0.001 |
|       AB_0_9            |    <0.001 |
|       AB_0_90           |    <0.001 |
|       AB_0_91           |    <0.001 |
|       AB_0_92           |    <0.001 |
|       AB_0_93           |    <0.001 |
|       AB_0_94           |    <0.001 |
|       AB_0_95           |    <0.001 |
|       AB_0_96           |    <0.001 |
|       AB_0_97           |    <0.001 |
|       AB_0_98           |    <0.001 |
|       AB_0_99           |    <0.001 |
|       AB_1_0            |    <0.001 |
|       AB_1_1            |    <0.001 |
|       AB_1_10           |    <0.001 |
|       AB_1_100          |    <0.001 |
|       AB_1_101          |    <0.001 |
|       AB_1_102          |    <0.001 |
|       AB_1_103          |    <0.001 |
|       AB_1_104          |    <0.001 |
|       AB_1_105          |    <0.001 |
|       AB_1_106          |    <0.001 |
|       AB_1_107          |    <0.001 |
|       AB_1_108          |    <0.001 |
|       AB_1_109          |    <0.001 |
|       AB_1_11           |    <0.001 |
|       AB_1_110          |    <0.001 |
|       AB_1_111          |    <0.001 |
|       AB_1_112          |    <0.001 |
|       AB_1_113          |    <0.001 |
|       AB_1_114          |    <0.001 |
|       AB_1_115          |    <0.001 |
|       AB_1_116          |    <0.001 |
|       AB_1_117          |    <0.001 |
|       AB_1_118          |    <0.001 |
|       AB_1_119          |    <0.001 |
|       AB_1_12           |    <0.001 |
|       AB_1_120          |    <0.001 |
|       AB_1_121          |    <0.001 |
|       AB_1_122          |    <0.001 |
|       AB_1_123          |    <0.001 |
|       AB_1_124          |    <0.001 |
|       AB_1_125          |    <0.001 |
|       AB_1_126          |    <0.001 |
|       AB_1_127          |    <0.001 |
|       AB_1_128          |    <0.001 |
|       AB_1_129          |    <0.001 |
|       AB_1_13           |    <0.001 |
|       AB_1_130          |    <0.001 |
|       AB_1_131          |    <0.001 |
|       AB_1_132          |    <0.001 |
|       AB_1_133          |    <0.001 |
|       AB_1_134          |    <0.001 |
|       AB_1_135          |    <0.001 |
|       AB_1_136          |    <0.001 |
|       AB_1_137          |    <0.001 |
|       AB_1_138          |    <0.001 |
|       AB_1_139          |    <0.001 |
|       AB_1_14           |    <0.001 |
|       AB_1_140          |    <0.001 |
|       AB_1_141          |    <0.001 |
|       AB_1_142          |    <0.001 |
|       AB_1_143          |    <0.001 |
|       AB_1_144          |    <0.001 |
|       AB_1_145          |    <0.001 |
|       AB_1_146          |    <0.001 |
|       AB_1_147          |    <0.001 |
|       AB_1_148          |    <0.001 |
|       AB_1_149          |    <0.001 |
|       AB_1_15           |    <0.001 |
|       AB_1_150          |    <0.001 |
|       AB_1_151          |    <0.001 |
|       AB_1_152          |    <0.001 |
|       AB_1_153          |    <0.001 |
|       AB_1_154          |    <0.001 |
|       AB_1_155          |    <0.001 |
|       AB_1_156          |    <0.001 |
|       AB_1_157          |    <0.001 |
|       AB_1_158          |    <0.001 |
|       AB_1_159          |    <0.001 |
|       AB_1_16           |    <0.001 |
|       AB_1_160          |    <0.001 |
|       AB_1_161          |    <0.001 |
|       AB_1_162          |    <0.001 |
|       AB_1_163          |    <0.001 |
|       AB_1_164          |    <0.001 |
|       AB_1_165          |    <0.001 |
|       AB_1_166          |    <0.001 |
|       AB_1_167          |    <0.001 |
|       AB_1_168          |    <0.001 |
|       AB_1_169          |    <0.001 |
|       AB_1_17           |    <0.001 |
|       AB_1_170          |    <0.001 |
|       AB_1_171          |    <0.001 |
|       AB_1_172          |    <0.001 |
|       AB_1_173          |    <0.001 |
|       AB_1_174          |    <0.001 |
|       AB_1_175          |    <0.001 |
|       AB_1_176          |    <0.001 |
|       AB_1_177          |    <0.001 |
|       AB_1_178          |    <0.001 |
|       AB_1_179          |    <0.001 |
|       AB_1_18           |    <0.001 |
|       AB_1_180          |    <0.001 |
|       AB_1_181          |    <0.001 |
|       AB_1_182          |    <0.001 |
|       AB_1_183          |    <0.001 |
|       AB_1_184          |    <0.001 |
|       AB_1_185          |    <0.001 |
|       AB_1_186          |    <0.001 |
|       AB_1_187          |    <0.001 |
|       AB_1_188          |    <0.001 |
|       AB_1_189          |    <0.001 |
|       AB_1_19           |    <0.001 |
|       AB_1_190          |    <0.001 |
|       AB_1_191          |    <0.001 |
|       AB_1_192          |    <0.001 |
|       AB_1_193          |    <0.001 |
|       AB_1_194          |    <0.001 |
|       AB_1_195          |    <0.001 |
|       AB_1_196          |    <0.001 |
|       AB_1_197          |    <0.001 |
|       AB_1_198          |    <0.001 |
|       AB_1_199          |    <0.001 |
|       AB_1_2            |    <0.001 |
|       AB_1_20           |    <0.001 |
|       AB_1_200          |    <0.001 |
|       AB_1_201          |    <0.001 |
|       AB_1_21           |    <0.001 |
|       AB_1_22           |    <0.001 |
|       AB_1_23           |    <0.001 |
|       AB_1_24           |    <0.001 |
|       AB_1_25           |    <0.001 |
|       AB_1_26           |    <0.001 |
|       AB_1_27           |    <0.001 |
|       AB_1_28           |    <0.001 |
|       AB_1_29           |    <0.001 |
|       AB_1_3            |    <0.001 |
|       AB_1_30           |    <0.001 |
|       AB_1_31           |    <0.001 |
|       AB_1_32           |    <0.001 |
|       AB_1_33           |    <0.001 |
|       AB_1_34           |    <0.001 |
|       AB_1_35           |    <0.001 |
|       AB_1_36           |    <0.001 |
|       AB_1_37           |    <0.001 |
|       AB_1_38           |    <0.001 |
|       AB_1_39           |    <0.001 |
|       AB_1_4            |    <0.001 |
|       AB_1_40           |    <0.001 |
|       AB_1_41           |    <0.001 |
|       AB_1_42           |    <0.001 |
|       AB_1_43           |    <0.001 |
|       AB_1_44           |    <0.001 |
|       AB_1_45           |    <0.001 |
|       AB_1_46           |    <0.001 |
|       AB_1_47           |    <0.001 |
|       AB_1_48           |    <0.001 |
|       AB_1_49           |    <0.001 |
|       AB_1_5            |    <0.001 |
|       AB_1_50           |    <0.001 |
|       AB_1_51           |    <0.001 |
|       AB_1_52           |    <0.001 |
|       AB_1_53           |    <0.001 |
|       AB_1_54           |    <0.001 |
|       AB_1_55           |    <0.001 |
|       AB_1_56           |    <0.001 |
|       AB_1_57           |    <0.001 |
|       AB_1_58           |    <0.001 |
|       AB_1_59           |    <0.001 |
|       AB_1_6            |    <0.001 |
|       AB_1_60           |    <0.001 |
|       AB_1_61           |    <0.001 |
|       AB_1_62           |    <0.001 |
|       AB_1_63           |    <0.001 |
|       AB_1_64           |    <0.001 |
|       AB_1_65           |    <0.001 |
|       AB_1_66           |    <0.001 |
|       AB_1_67           |    <0.001 |
|       AB_1_68           |    <0.001 |
|       AB_1_69           |    <0.001 |
|       AB_1_7            |    <0.001 |
|       AB_1_70           |    <0.001 |
|       AB_1_71           |    <0.001 |
|       AB_1_72           |    <0.001 |
|       AB_1_73           |    <0.001 |
|       AB_1_74           |    <0.001 |
|       AB_1_75           |    <0.001 |
|       AB_1_76           |    <0.001 |
|       AB_1_77           |    <0.001 |
|       AB_1_78           |    <0.001 |
|       AB_1_79           |    <0.001 |
|       AB_1_8            |    <0.001 |
|       AB_1_80           |    <0.001 |
|       AB_1_81           |    <0.001 |
|       AB_1_82           |    <0.001 |
|       AB_1_83           |    <0.001 |
|       AB_1_84           |    <0.001 |
|       AB_1_85           |    <0.001 |
|       AB_1_86           |    <0.001 |
|       AB_1_87           |    <0.001 |
|       AB_1_88           |    <0.001 |
|       AB_1_89           |    <0.001 |
|       AB_1_9            |    <0.001 |
|       AB_1_90           |    <0.001 |
|       AB_1_91           |    <0.001 |
|       AB_1_92           |    <0.001 |
|       AB_1_93           |    <0.001 |
|       AB_1_94           |    <0.001 |
|       AB_1_95           |    <0.001 |
|       AB_1_96           |    <0.001 |
|       AB_1_97           |    <0.001 |
|       AB_1_98           |    <0.001 |
|       AB_1_99           |    <0.001 |
|       AB_2_0            |    <0.001 |
|       AB_2_1            |    <0.001 |
|       AB_2_10           |    <0.001 |
|       AB_2_100          |    <0.001 |
|       AB_2_101          |    <0.001 |
|       AB_2_102          |    <0.001 |
|       AB_2_103          |    <0.001 |
|       AB_2_104          |    <0.001 |
|       AB_2_105          |    <0.001 |
|       AB_2_106          |    <0.001 |
|       AB_2_107          |    <0.001 |
|       AB_2_108          |    <0.001 |
|       AB_2_109          |    <0.001 |
|       AB_2_11           |    <0.001 |
|       AB_2_110          |    <0.001 |
|       AB_2_111          |    <0.001 |
|       AB_2_112          |    <0.001 |
|       AB_2_113          |    <0.001 |
|       AB_2_114          |    <0.001 |
|       AB_2_115          |    <0.001 |
|       AB_2_116          |    <0.001 |
|       AB_2_117          |    <0.001 |
|       AB_2_118          |    <0.001 |
|       AB_2_119          |    <0.001 |
|       AB_2_12           |    <0.001 |
|       AB_2_120          |    <0.001 |
|       AB_2_121          |    <0.001 |
|       AB_2_122          |    <0.001 |
|       AB_2_123          |    <0.001 |
|       AB_2_124          |    <0.001 |
|       AB_2_125          |    <0.001 |
|       AB_2_126          |    <0.001 |
|       AB_2_127          |    <0.001 |
|       AB_2_128          |    <0.001 |
|       AB_2_129          |    <0.001 |
|       AB_2_13           |    <0.001 |
|       AB_2_130          |    <0.001 |
|       AB_2_131          |    <0.001 |
|       AB_2_132          |    <0.001 |
|       AB_2_133          |    <0.001 |
|       AB_2_134          |    <0.001 |
|       AB_2_135          |    <0.001 |
|       AB_2_136          |    <0.001 |
|       AB_2_137          |    <0.001 |
|       AB_2_138          |    <0.001 |
|       AB_2_139          |    <0.001 |
|       AB_2_14           |    <0.001 |
|       AB_2_140          |    <0.001 |
|       AB_2_141          |    <0.001 |
|       AB_2_142          |    <0.001 |
|       AB_2_143          |    <0.001 |
|       AB_2_144          |    <0.001 |
|       AB_2_145          |    <0.001 |
|       AB_2_146          |    <0.001 |
|       AB_2_147          |    <0.001 |
|       AB_2_148          |    <0.001 |
|       AB_2_149          |    <0.001 |
|       AB_2_15           |    <0.001 |
|       AB_2_150          |    <0.001 |
|       AB_2_151          |    <0.001 |
|       AB_2_152          |    <0.001 |
|       AB_2_153          |    <0.001 |
|       AB_2_154          |    <0.001 |
|       AB_2_155          |    <0.001 |
|       AB_2_156          |    <0.001 |
|       AB_2_157          |    <0.001 |
|       AB_2_158          |    <0.001 |
|       AB_2_159          |    <0.001 |
|       AB_2_16           |    <0.001 |
|       AB_2_160          |    <0.001 |
|       AB_2_161          |    <0.001 |
|       AB_2_162          |    <0.001 |
|       AB_2_163          |    <0.001 |
|       AB_2_164          |    <0.001 |
|       AB_2_165          |    <0.001 |
|       AB_2_166          |    <0.001 |
|       AB_2_167          |    <0.001 |
|       AB_2_168          |    <0.001 |
|       AB_2_169          |    <0.001 |
|       AB_2_17           |    <0.001 |
|       AB_2_170          |    <0.001 |
|       AB_2_171          |    <0.001 |
|       AB_2_172          |    <0.001 |
|       AB_2_173          |    <0.001 |
|       AB_2_174          |    <0.001 |
|       AB_2_175          |    <0.001 |
|       AB_2_176          |    <0.001 |
|       AB_2_177          |    <0.001 |
|       AB_2_178          |    <0.001 |
|       AB_2_179          |    <0.001 |
|       AB_2_18           |    <0.001 |
|       AB_2_180          |    <0.001 |
|       AB_2_181          |    <0.001 |
|       AB_2_182          |    <0.001 |
|       AB_2_183          |    <0.001 |
|       AB_2_184          |    <0.001 |
|       AB_2_185          |    <0.001 |
|       AB_2_186          |    <0.001 |
|       AB_2_187          |    <0.001 |
|       AB_2_188          |    <0.001 |
|       AB_2_189          |    <0.001 |
|       AB_2_19           |    <0.001 |
|       AB_2_190          |    <0.001 |
|       AB_2_191          |    <0.001 |
|       AB_2_192          |    <0.001 |
|       AB_2_193          |    <0.001 |
|       AB_2_194          |    <0.001 |
|       AB_2_195          |    <0.001 |
|       AB_2_196          |    <0.001 |
|       AB_2_197          |    <0.001 |
|       AB_2_198          |    <0.001 |
|       AB_2_199          |    <0.001 |
|       AB_2_2            |    <0.001 |
|       AB_2_20           |    <0.001 |
|       AB_2_200          |    <0.001 |
|       AB_2_201          |    <0.001 |
|       AB_2_21           |    <0.001 |
|       AB_2_22           |    <0.001 |
|       AB_2_23           |    <0.001 |
|       AB_2_24           |    <0.001 |
|       AB_2_25           |    <0.001 |
|       AB_2_26           |    <0.001 |
|       AB_2_27           |    <0.001 |
|       AB_2_28           |    <0.001 |
|       AB_2_29           |    <0.001 |
|       AB_2_3            |    <0.001 |
|       AB_2_30           |    <0.001 |
|       AB_2_31           |    <0.001 |
|       AB_2_32           |    <0.001 |
|       AB_2_33           |    <0.001 |
|       AB_2_34           |    <0.001 |
|       AB_2_35           |    <0.001 |
|       AB_2_36           |    <0.001 |
|       AB_2_37           |    <0.001 |
|       AB_2_38           |    <0.001 |
|       AB_2_39           |    <0.001 |
|       AB_2_4            |    <0.001 |
|       AB_2_40           |    <0.001 |
|       AB_2_41           |    <0.001 |
|       AB_2_42           |    <0.001 |
|       AB_2_43           |    <0.001 |
|       AB_2_44           |    <0.001 |
|       AB_2_45           |    <0.001 |
|       AB_2_46           |    <0.001 |
|       AB_2_47           |    <0.001 |
|       AB_2_48           |    <0.001 |
|       AB_2_49           |    <0.001 |
|       AB_2_5            |    <0.001 |
|       AB_2_50           |    <0.001 |
|       AB_2_51           |    <0.001 |
|       AB_2_52           |    <0.001 |
|       AB_2_53           |    <0.001 |
|       AB_2_54           |    <0.001 |
|       AB_2_55           |    <0.001 |
|       AB_2_56           |    <0.001 |
|       AB_2_57           |    <0.001 |
|       AB_2_58           |    <0.001 |
|       AB_2_59           |    <0.001 |
|       AB_2_6            |    <0.001 |
|       AB_2_60           |    <0.001 |
|       AB_2_61           |    <0.001 |
|       AB_2_62           |    <0.001 |
|       AB_2_63           |    <0.001 |
|       AB_2_64           |    <0.001 |
|       AB_2_65           |    <0.001 |
|       AB_2_66           |    <0.001 |
|       AB_2_67           |    <0.001 |
|       AB_2_68           |    <0.001 |
|       AB_2_69           |    <0.001 |
|       AB_2_7            |    <0.001 |
|       AB_2_70           |    <0.001 |
|       AB_2_71           |    <0.001 |
|       AB_2_72           |    <0.001 |
|       AB_2_73           |    <0.001 |
|       AB_2_74           |    <0.001 |
|       AB_2_75           |    <0.001 |
|       AB_2_76           |    <0.001 |
|       AB_2_77           |    <0.001 |
|       AB_2_78           |    <0.001 |
|       AB_2_79           |    <0.001 |
|       AB_2_8            |    <0.001 |
|       AB_2_80           |    <0.001 |
|       AB_2_81           |    <0.001 |
|       AB_2_82           |    <0.001 |
|       AB_2_83           |    <0.001 |
|       AB_2_84           |    <0.001 |
|       AB_2_85           |    <0.001 |
|       AB_2_86           |    <0.001 |
|       AB_2_87           |    <0.001 |
|       AB_2_88           |    <0.001 |
|       AB_2_89           |    <0.001 |
|       AB_2_9            |    <0.001 |
|       AB_2_90           |    <0.001 |
|       AB_2_91           |    <0.001 |
|       AB_2_92           |    <0.001 |
|       AB_2_93           |    <0.001 |
|       AB_2_94           |    <0.001 |
|       AB_2_95           |    <0.001 |
|       AB_2_96           |    <0.001 |
|       AB_2_97           |    <0.001 |
|       AB_2_98           |    <0.001 |
|       AB_2_99           |    <0.001 |
|       AB_3_0            |    <0.001 |
|       AB_3_1            |    <0.001 |
|       AB_3_10           |    <0.001 |
|       AB_3_100          |    <0.001 |
|       AB_3_101          |    <0.001 |
|       AB_3_102          |    <0.001 |
|       AB_3_103          |    <0.001 |
|       AB_3_104          |    <0.001 |
|       AB_3_105          |    <0.001 |
|       AB_3_106          |    <0.001 |
|       AB_3_107          |    <0.001 |
|       AB_3_108          |    <0.001 |
|       AB_3_109          |    <0.001 |
|       AB_3_11           |    <0.001 |
|       AB_3_110          |    <0.001 |
|       AB_3_111          |    <0.001 |
|       AB_3_112          |    <0.001 |
|       AB_3_113          |    <0.001 |
|       AB_3_114          |    <0.001 |
|       AB_3_115          |    <0.001 |
|       AB_3_116          |    <0.001 |
|       AB_3_117          |    <0.001 |
|       AB_3_118          |    <0.001 |
|       AB_3_119          |    <0.001 |
|       AB_3_12           |    <0.001 |
|       AB_3_120          |    <0.001 |
|       AB_3_121          |    <0.001 |
|       AB_3_122          |    <0.001 |
|       AB_3_123          |    <0.001 |
|       AB_3_124          |    <0.001 |
|       AB_3_125          |    <0.001 |
|       AB_3_126          |    <0.001 |
|       AB_3_127          |    <0.001 |
|       AB_3_128          |    <0.001 |
|       AB_3_129          |    <0.001 |
|       AB_3_13           |    <0.001 |
|       AB_3_130          |    <0.001 |
|       AB_3_131          |    <0.001 |
|       AB_3_132          |    <0.001 |
|       AB_3_133          |    <0.001 |
|       AB_3_134          |    <0.001 |
|       AB_3_135          |    <0.001 |
|       AB_3_136          |    <0.001 |
|       AB_3_137          |    <0.001 |
|       AB_3_138          |    <0.001 |
|       AB_3_139          |    <0.001 |
|       AB_3_14           |    <0.001 |
|       AB_3_140          |    <0.001 |
|       AB_3_141          |    <0.001 |
|       AB_3_142          |    <0.001 |
|       AB_3_143          |    <0.001 |
|       AB_3_144          |    <0.001 |
|       AB_3_145          |    <0.001 |
|       AB_3_146          |    <0.001 |
|       AB_3_147          |    <0.001 |
|       AB_3_148          |    <0.001 |
|       AB_3_149          |    <0.001 |
|       AB_3_15           |    <0.001 |
|       AB_3_150          |    <0.001 |
|       AB_3_151          |    <0.001 |
|       AB_3_152          |    <0.001 |
|       AB_3_153          |    <0.001 |
|       AB_3_154          |    <0.001 |
|       AB_3_155          |    <0.001 |
|       AB_3_156          |    <0.001 |
|       AB_3_157          |    <0.001 |
|       AB_3_158          |    <0.001 |
|       AB_3_159          |    <0.001 |
|       AB_3_16           |    <0.001 |
|       AB_3_160          |    <0.001 |
|       AB_3_161          |    <0.001 |
|       AB_3_162          |    <0.001 |
|       AB_3_163          |    <0.001 |
|       AB_3_164          |    <0.001 |
|       AB_3_165          |    <0.001 |
|       AB_3_166          |    <0.001 |
|       AB_3_167          |    <0.001 |
|       AB_3_168          |    <0.001 |
|       AB_3_169          |    <0.001 |
|       AB_3_17           |    <0.001 |
|       AB_3_170          |    <0.001 |
|       AB_3_171          |    <0.001 |
|       AB_3_172          |    <0.001 |
|       AB_3_173          |    <0.001 |
|       AB_3_174          |    <0.001 |
|       AB_3_175          |    <0.001 |
|       AB_3_176          |    <0.001 |
|       AB_3_177          |    <0.001 |
|       AB_3_178          |    <0.001 |
|       AB_3_179          |    <0.001 |
|       AB_3_18           |    <0.001 |
|       AB_3_180          |    <0.001 |
|       AB_3_181          |    <0.001 |
|       AB_3_182          |    <0.001 |
|       AB_3_183          |    <0.001 |
|       AB_3_184          |    <0.001 |
|       AB_3_185          |    <0.001 |
|       AB_3_186          |    <0.001 |
|       AB_3_187          |    <0.001 |
|       AB_3_188          |    <0.001 |
|       AB_3_189          |    <0.001 |
|       AB_3_19           |    <0.001 |
|       AB_3_190          |    <0.001 |
|       AB_3_191          |    <0.001 |
|       AB_3_192          |    <0.001 |
|       AB_3_193          |    <0.001 |
|       AB_3_194          |    <0.001 |
|       AB_3_195          |    <0.001 |
|       AB_3_196          |    <0.001 |
|       AB_3_197          |    <0.001 |
|       AB_3_198          |    <0.001 |
|       AB_3_199          |    <0.001 |
|       AB_3_2            |    <0.001 |
|       AB_3_20           |    <0.001 |
|       AB_3_200          |    <0.001 |
|       AB_3_201          |    <0.001 |
|       AB_3_21           |    <0.001 |
|       AB_3_22           |    <0.001 |
|       AB_3_23           |    <0.001 |
|       AB_3_24           |    <0.001 |
|       AB_3_25           |    <0.001 |
|       AB_3_26           |    <0.001 |
|       AB_3_27           |    <0.001 |
|       AB_3_28           |    <0.001 |
|       AB_3_29           |    <0.001 |
|       AB_3_3            |    <0.001 |
|       AB_3_30           |    <0.001 |
|       AB_3_31           |    <0.001 |
|       AB_3_32           |    <0.001 |
|       AB_3_33           |    <0.001 |
|       AB_3_34           |    <0.001 |
|       AB_3_35           |    <0.001 |
|       AB_3_36           |    <0.001 |
|       AB_3_37           |    <0.001 |
|       AB_3_38           |    <0.001 |
|       AB_3_39           |    <0.001 |
|       AB_3_4            |    <0.001 |
|       AB_3_40           |    <0.001 |
|       AB_3_41           |    <0.001 |
|       AB_3_42           |    <0.001 |
|       AB_3_43           |    <0.001 |
|       AB_3_44           |    <0.001 |
|       AB_3_45           |    <0.001 |
|       AB_3_46           |    <0.001 |
|       AB_3_47           |    <0.001 |
|       AB_3_48           |    <0.001 |
|       AB_3_49           |    <0.001 |
|       AB_3_5            |    <0.001 |
|       AB_3_50           |    <0.001 |
|       AB_3_51           |    <0.001 |
|       AB_3_52           |    <0.001 |
|       AB_3_53           |    <0.001 |
|       AB_3_54           |    <0.001 |
|       AB_3_55           |    <0.001 |
|       AB_3_56           |    <0.001 |
|       AB_3_57           |    <0.001 |
|       AB_3_58           |    <0.001 |
|       AB_3_59           |    <0.001 |
|       AB_3_6            |    <0.001 |
|       AB_3_60           |    <0.001 |
|       AB_3_61           |    <0.001 |
|       AB_3_62           |    <0.001 |
|       AB_3_63           |    <0.001 |
|       AB_3_64           |    <0.001 |
|       AB_3_65           |    <0.001 |
|       AB_3_66           |    <0.001 |
|       AB_3_67           |    <0.001 |
|       AB_3_68           |    <0.001 |
|       AB_3_69           |    <0.001 |
|       AB_3_7            |    <0.001 |
|       AB_3_70           |    <0.001 |
|       AB_3_71           |    <0.001 |
|       AB_3_72           |    <0.001 |
|       AB_3_73           |    <0.001 |
|       AB_3_74           |    <0.001 |
|       AB_3_75           |    <0.001 |
|       AB_3_76           |    <0.001 |
|       AB_3_77           |    <0.001 |
|       AB_3_78           |    <0.001 |
|       AB_3_79           |    <0.001 |
|       AB_3_8            |    <0.001 |
|       AB_3_80           |    <0.001 |
|       AB_3_81           |    <0.001 |
|       AB_3_82           |    <0.001 |
|       AB_3_83           |    <0.001 |
|       AB_3_84           |    <0.001 |
|       AB_3_85           |    <0.001 |
|       AB_3_86           |    <0.001 |
|       AB_3_87           |    <0.001 |
|       AB_3_88           |    <0.001 |
|       AB_3_89           |    <0.001 |
|       AB_3_9            |    <0.001 |
|       AB_3_90           |    <0.001 |
|       AB_3_91           |    <0.001 |
|       AB_3_92           |    <0.001 |
|       AB_3_93           |    <0.001 |
|       AB_3_94           |    <0.001 |
|       AB_3_95           |    <0.001 |
|       AB_3_96           |    <0.001 |
|       AB_3_97           |    <0.001 |
|       AB_3_98           |    <0.001 |
|       AB_3_99           |    <0.001 |
|       AB_4_0            |    <0.001 |
|       AB_4_1            |    <0.001 |
|       AB_4_10           |    <0.001 |
|       AB_4_100          |    <0.001 |
|       AB_4_101          |    <0.001 |
|       AB_4_102          |    <0.001 |
|       AB_4_103          |    <0.001 |
|       AB_4_104          |    <0.001 |
|       AB_4_105          |    <0.001 |
|       AB_4_106          |    <0.001 |
|       AB_4_107          |    <0.001 |
|       AB_4_108          |    <0.001 |
|       AB_4_109          |    <0.001 |
|       AB_4_11           |    <0.001 |
|       AB_4_110          |    <0.001 |
|       AB_4_111          |    <0.001 |
|       AB_4_112          |    <0.001 |
|       AB_4_113          |    <0.001 |
|       AB_4_114          |    <0.001 |
|       AB_4_115          |    <0.001 |
|       AB_4_116          |    <0.001 |
|       AB_4_117          |    <0.001 |
|       AB_4_118          |    <0.001 |
|       AB_4_119          |    <0.001 |
|       AB_4_12           |    <0.001 |
|       AB_4_120          |    <0.001 |
|       AB_4_121          |    <0.001 |
|       AB_4_122          |    <0.001 |
|       AB_4_123          |    <0.001 |
|       AB_4_124          |    <0.001 |
|       AB_4_125          |    <0.001 |
|       AB_4_126          |    <0.001 |
|       AB_4_127          |    <0.001 |
|       AB_4_128          |    <0.001 |
|       AB_4_129          |    <0.001 |
|       AB_4_13           |    <0.001 |
|       AB_4_130          |    <0.001 |
|       AB_4_131          |    <0.001 |
|       AB_4_132          |    <0.001 |
|       AB_4_133          |    <0.001 |
|       AB_4_134          |    <0.001 |
|       AB_4_135          |    <0.001 |
|       AB_4_136          |    <0.001 |
|       AB_4_137          |    <0.001 |
|       AB_4_138          |    <0.001 |
|       AB_4_139          |    <0.001 |
|       AB_4_14           |    <0.001 |
|       AB_4_140          |    <0.001 |
|       AB_4_141          |    <0.001 |
|       AB_4_142          |    <0.001 |
|       AB_4_143          |    <0.001 |
|       AB_4_144          |    <0.001 |
|       AB_4_145          |    <0.001 |
|       AB_4_146          |    <0.001 |
|       AB_4_147          |    <0.001 |
|       AB_4_148          |    <0.001 |
|       AB_4_149          |    <0.001 |
|       AB_4_15           |    <0.001 |
|       AB_4_150          |    <0.001 |
|       AB_4_151          |    <0.001 |
|       AB_4_152          |    <0.001 |
|       AB_4_153          |    <0.001 |
|       AB_4_154          |    <0.001 |
|       AB_4_155          |    <0.001 |
|       AB_4_156          |    <0.001 |
|       AB_4_157          |    <0.001 |
|       AB_4_158          |    <0.001 |
|       AB_4_159          |    <0.001 |
|       AB_4_16           |    <0.001 |
|       AB_4_160          |    <0.001 |
|       AB_4_161          |    <0.001 |
|       AB_4_162          |    <0.001 |
|       AB_4_163          |    <0.001 |
|       AB_4_164          |    <0.001 |
|       AB_4_165          |    <0.001 |
|       AB_4_166          |    <0.001 |
|       AB_4_167          |    <0.001 |
|       AB_4_168          |    <0.001 |
|       AB_4_169          |    <0.001 |
|       AB_4_17           |    <0.001 |
|       AB_4_170          |    <0.001 |
|       AB_4_171          |    <0.001 |
|       AB_4_172          |    <0.001 |
|       AB_4_173          |    <0.001 |
|       AB_4_174          |    <0.001 |
|       AB_4_175          |    <0.001 |
|       AB_4_176          |    <0.001 |
|       AB_4_177          |    <0.001 |
|       AB_4_178          |    <0.001 |
|       AB_4_179          |    <0.001 |
|       AB_4_18           |    <0.001 |
|       AB_4_180          |    <0.001 |
|       AB_4_181          |    <0.001 |
|       AB_4_182          |    <0.001 |
|       AB_4_183          |    <0.001 |
|       AB_4_184          |    <0.001 |
|       AB_4_185          |    <0.001 |
|       AB_4_186          |    <0.001 |
|       AB_4_187          |    <0.001 |
|       AB_4_188          |    <0.001 |
|       AB_4_189          |    <0.001 |
|       AB_4_19           |    <0.001 |
|       AB_4_190          |    <0.001 |
|       AB_4_191          |    <0.001 |
|       AB_4_192          |    <0.001 |
|       AB_4_193          |    <0.001 |
|       AB_4_194          |    <0.001 |
|       AB_4_195          |    <0.001 |
|       AB_4_196          |    <0.001 |
|       AB_4_197          |    <0.001 |
|       AB_4_198          |    <0.001 |
|       AB_4_199          |    <0.001 |
|       AB_4_2            |    <0.001 |
|       AB_4_20           |    <0.001 |
|       AB_4_200          |    <0.001 |
|       AB_4_201          |    <0.001 |
|       AB_4_21           |    <0.001 |
|       AB_4_22           |    <0.001 |
|       AB_4_23           |    <0.001 |
|       AB_4_24           |    <0.001 |
|       AB_4_25           |    <0.001 |
|       AB_4_26           |    <0.001 |
|       AB_4_27           |    <0.001 |
|       AB_4_28           |    <0.001 |
|       AB_4_29           |    <0.001 |
|       AB_4_3            |    <0.001 |
|       AB_4_30           |    <0.001 |
|       AB_4_31           |    <0.001 |
|       AB_4_32           |    <0.001 |
|       AB_4_33           |    <0.001 |
|       AB_4_34           |    <0.001 |
|       AB_4_35           |    <0.001 |
|       AB_4_36           |    <0.001 |
|       AB_4_37           |    <0.001 |
|       AB_4_38           |    <0.001 |
|       AB_4_39           |    <0.001 |
|       AB_4_4            |    <0.001 |
|       AB_4_40           |    <0.001 |
|       AB_4_41           |    <0.001 |
|       AB_4_42           |    <0.001 |
|       AB_4_43           |    <0.001 |
|       AB_4_44           |    <0.001 |
|       AB_4_45           |    <0.001 |
|       AB_4_46           |    <0.001 |
|       AB_4_47           |    <0.001 |
|       AB_4_48           |    <0.001 |
|       AB_4_49           |    <0.001 |
|       AB_4_5            |    <0.001 |
|       AB_4_50           |    <0.001 |
|       AB_4_51           |    <0.001 |
|       AB_4_52           |    <0.001 |
|       AB_4_53           |    <0.001 |
|       AB_4_54           |    <0.001 |
|       AB_4_55           |    <0.001 |
|       AB_4_56           |    <0.001 |
|       AB_4_57           |    <0.001 |
|       AB_4_58           |    <0.001 |
|       AB_4_59           |    <0.001 |
|       AB_4_6            |    <0.001 |
|       AB_4_60           |    <0.001 |
|       AB_4_61           |    <0.001 |
|       AB_4_62           |    <0.001 |
|       AB_4_63           |    <0.001 |
|       AB_4_64           |    <0.001 |
|       AB_4_65           |    <0.001 |
|       AB_4_66           |    <0.001 |
|       AB_4_67           |    <0.001 |
|       AB_4_68           |    <0.001 |
|       AB_4_69           |    <0.001 |
|       AB_4_7            |    <0.001 |
|       AB_4_70           |    <0.001 |
|       AB_4_71           |    <0.001 |
|       AB_4_72           |    <0.001 |
|       AB_4_73           |    <0.001 |
|       AB_4_74           |    <0.001 |
|       AB_4_75           |    <0.001 |
|       AB_4_76           |    <0.001 |
|       AB_4_77           |    <0.001 |
|       AB_4_78           |    <0.001 |
|       AB_4_79           |    <0.001 |
|       AB_4_8            |    <0.001 |
|       AB_4_80           |    <0.001 |
|       AB_4_81           |    <0.001 |
|       AB_4_82           |    <0.001 |
|       AB_4_83           |    <0.001 |
|       AB_4_84           |    <0.001 |
|       AB_4_85           |    <0.001 |
|       AB_4_86           |    <0.001 |
|       AB_4_87           |    <0.001 |
|       AB_4_88           |    <0.001 |
|       AB_4_89           |    <0.001 |
|       AB_4_9            |    <0.001 |
|       AB_4_90           |    <0.001 |
|       AB_4_91           |    <0.001 |
|       AB_4_92           |    <0.001 |
|       AB_4_93           |    <0.001 |
|       AB_4_94           |    <0.001 |
|       AB_4_95           |    <0.001 |
|       AB_4_96           |    <0.001 |
|       AB_4_97           |    <0.001 |
|       AB_4_98           |    <0.001 |
|       AB_4_99           |    <0.001 |
|       AB_5_0            |    <0.001 |
|       AB_5_1            |    <0.001 |
|       AB_5_10           |    <0.001 |
|       AB_5_100          |    <0.001 |
|       AB_5_101          |    <0.001 |
|       AB_5_102          |    <0.001 |
|       AB_5_103          |    <0.001 |
|       AB_5_104          |    <0.001 |
|       AB_5_105          |    <0.001 |
|       AB_5_106          |    <0.001 |
|       AB_5_107          |    <0.001 |
|       AB_5_108          |    <0.001 |
|       AB_5_109          |    <0.001 |
|       AB_5_11           |    <0.001 |
|       AB_5_110          |    <0.001 |
|       AB_5_111          |    <0.001 |
|       AB_5_112          |    <0.001 |
|       AB_5_113          |    <0.001 |
|       AB_5_114          |    <0.001 |
|       AB_5_115          |    <0.001 |
|       AB_5_116          |    <0.001 |
|       AB_5_117          |    <0.001 |
|       AB_5_118          |    <0.001 |
|       AB_5_119          |    <0.001 |
|       AB_5_12           |    <0.001 |
|       AB_5_120          |    <0.001 |
|       AB_5_121          |    <0.001 |
|       AB_5_122          |    <0.001 |
|       AB_5_123          |    <0.001 |
|       AB_5_124          |    <0.001 |
|       AB_5_125          |    <0.001 |
|       AB_5_126          |    <0.001 |
|       AB_5_127          |    <0.001 |
|       AB_5_128          |    <0.001 |
|       AB_5_129          |    <0.001 |
|       AB_5_13           |    <0.001 |
|       AB_5_130          |    <0.001 |
|       AB_5_131          |    <0.001 |
|       AB_5_132          |    <0.001 |
|       AB_5_133          |    <0.001 |
|       AB_5_134          |    <0.001 |
|       AB_5_135          |    <0.001 |
|       AB_5_136          |    <0.001 |
|       AB_5_137          |    <0.001 |
|       AB_5_138          |    <0.001 |
|       AB_5_139          |    <0.001 |
|       AB_5_14           |    <0.001 |
|       AB_5_140          |    <0.001 |
|       AB_5_141          |    <0.001 |
|       AB_5_142          |    <0.001 |
|       AB_5_143          |    <0.001 |
|       AB_5_144          |    <0.001 |
|       AB_5_145          |    <0.001 |
|       AB_5_146          |    <0.001 |
|       AB_5_147          |    <0.001 |
|       AB_5_148          |    <0.001 |
|       AB_5_149          |    <0.001 |
|       AB_5_15           |    <0.001 |
|       AB_5_150          |    <0.001 |
|       AB_5_151          |    <0.001 |
|       AB_5_152          |    <0.001 |
|       AB_5_153          |    <0.001 |
|       AB_5_154          |    <0.001 |
|       AB_5_155          |    <0.001 |
|       AB_5_156          |    <0.001 |
|       AB_5_157          |    <0.001 |
|       AB_5_158          |    <0.001 |
|       AB_5_159          |    <0.001 |
|       AB_5_16           |    <0.001 |
|       AB_5_160          |    <0.001 |
|       AB_5_161          |    <0.001 |
|       AB_5_162          |    <0.001 |
|       AB_5_163          |    <0.001 |
|       AB_5_164          |    <0.001 |
|       AB_5_165          |    <0.001 |
|       AB_5_166          |    <0.001 |
|       AB_5_167          |    <0.001 |
|       AB_5_168          |    <0.001 |
|       AB_5_169          |    <0.001 |
|       AB_5_17           |    <0.001 |
|       AB_5_170          |    <0.001 |
|       AB_5_171          |    <0.001 |
|       AB_5_172          |    <0.001 |
|       AB_5_173          |    <0.001 |
|       AB_5_174          |    <0.001 |
|       AB_5_175          |    <0.001 |
|       AB_5_176          |    <0.001 |
|       AB_5_177          |    <0.001 |
|       AB_5_178          |    <0.001 |
|       AB_5_179          |    <0.001 |
|       AB_5_18           |    <0.001 |
|       AB_5_180          |    <0.001 |
|       AB_5_181          |    <0.001 |
|       AB_5_182          |    <0.001 |
|       AB_5_183          |    <0.001 |
|       AB_5_184          |    <0.001 |
|       AB_5_185          |    <0.001 |
|       AB_5_186          |    <0.001 |
|       AB_5_187          |    <0.001 |
|       AB_5_188          |    <0.001 |
|       AB_5_189          |    <0.001 |
|       AB_5_19           |    <0.001 |
|       AB_5_190          |    <0.001 |
|       AB_5_191          |    <0.001 |
|       AB_5_192          |    <0.001 |
|       AB_5_193          |    <0.001 |
|       AB_5_194          |    <0.001 |
|       AB_5_195          |    <0.001 |
|       AB_5_196          |    <0.001 |
|       AB_5_197          |    <0.001 |
|       AB_5_198          |    <0.001 |
|       AB_5_199          |    <0.001 |
|       AB_5_2            |    <0.001 |
|       AB_5_20           |    <0.001 |
|       AB_5_200          |    <0.001 |
|       AB_5_201          |    <0.001 |
|       AB_5_21           |    <0.001 |
|       AB_5_22           |    <0.001 |
|       AB_5_23           |    <0.001 |
|       AB_5_24           |    <0.001 |
|       AB_5_25           |    <0.001 |
|       AB_5_26           |    <0.001 |
|       AB_5_27           |    <0.001 |
|       AB_5_28           |    <0.001 |
|       AB_5_29           |    <0.001 |
|       AB_5_3            |    <0.001 |
|       AB_5_30           |    <0.001 |
|       AB_5_31           |    <0.001 |
|       AB_5_32           |    <0.001 |
|       AB_5_33           |    <0.001 |
|       AB_5_34           |    <0.001 |
|       AB_5_35           |    <0.001 |
|       AB_5_36           |    <0.001 |
|       AB_5_37           |    <0.001 |
|       AB_5_38           |    <0.001 |
|       AB_5_39           |    <0.001 |
|       AB_5_4            |    <0.001 |
|       AB_5_40           |    <0.001 |
|       AB_5_41           |    <0.001 |
|       AB_5_42           |    <0.001 |
|       AB_5_43           |    <0.001 |
|       AB_5_44           |    <0.001 |
|       AB_5_45           |    <0.001 |
|       AB_5_46           |    <0.001 |
|       AB_5_47           |    <0.001 |
|       AB_5_48           |    <0.001 |
|       AB_5_49           |    <0.001 |
|       AB_5_5            |    <0.001 |
|       AB_5_50           |    <0.001 |
|       AB_5_51           |    <0.001 |
|       AB_5_52           |    <0.001 |
|       AB_5_53           |    <0.001 |
|       AB_5_54           |    <0.001 |
|       AB_5_55           |    <0.001 |
|       AB_5_56           |    <0.001 |
|       AB_5_57           |    <0.001 |
|       AB_5_58           |    <0.001 |
|       AB_5_59           |    <0.001 |
|       AB_5_6            |    <0.001 |
|       AB_5_60           |    <0.001 |
|       AB_5_61           |    <0.001 |
|       AB_5_62           |    <0.001 |
|       AB_5_63           |    <0.001 |
|       AB_5_64           |    <0.001 |
|       AB_5_65           |    <0.001 |
|       AB_5_66           |    <0.001 |
|       AB_5_67           |    <0.001 |
|       AB_5_68           |    <0.001 |
|       AB_5_69           |    <0.001 |
|       AB_5_7            |    <0.001 |
|       AB_5_70           |    <0.001 |
|       AB_5_71           |    <0.001 |
|       AB_5_72           |    <0.001 |
|       AB_5_73           |    <0.001 |
|       AB_5_74           |    <0.001 |
|       AB_5_75           |    <0.001 |
|       AB_5_76           |    <0.001 |
|       AB_5_77           |    <0.001 |
|       AB_5_78           |    <0.001 |
|       AB_5_79           |    <0.001 |
|       AB_5_8            |    <0.001 |
|       AB_5_80           |    <0.001 |
|       AB_5_81           |    <0.001 |
|       AB_5_82           |    <0.001 |
|       AB_5_83           |    <0.001 |
|       AB_5_84           |    <0.001 |
|       AB_5_85           |    <0.001 |
|       AB_5_86           |    <0.001 |
|       AB_5_87           |    <0.001 |
|       AB_5_88           |    <0.001 |
|       AB_5_89           |    <0.001 |
|       AB_5_9            |    <0.001 |
|       AB_5_90           |    <0.001 |
|       AB_5_91           |    <0.001 |
|       AB_5_92           |    <0.001 |
|       AB_5_93           |    <0.001 |
|       AB_5_94           |    <0.001 |
|       AB_5_95           |    <0.001 |
|       AB_5_96           |    <0.001 |
|       AB_5_97           |    <0.001 |
|       AB_5_98           |    <0.001 |
|       AB_5_99           |    <0.001 |
|   S1S2gen               |     0.019 |
|     mul                 |     0.009 |
|   SHA3                  |     0.261 |
|     f_permutation_      |     0.257 |
|     padder_             |     0.004 |
|   ctrl_top              |     0.001 |
|   gf2mz                 |     0.426 |
|     ctrl                |     0.052 |
|     mul00               |     0.006 |
|     mul01               |     0.007 |
|     mul02               |     0.014 |
|     mul03               |     0.023 |
|     mul04               |     0.012 |
|     mul05               |     0.007 |
|     mul10               |     0.006 |
|     mul11               |     0.015 |
|     mul12               |     0.008 |
|     mul13               |     0.005 |
|     mul14               |     0.011 |
|     mul15               |     0.016 |
|     mul20               |     0.005 |
|     mul21               |     0.026 |
|     mul22               |     0.016 |
|     mul23               |     0.005 |
|     mul24               |     0.007 |
|     mul25               |     0.008 |
|     mul30               |     0.016 |
|     mul31               |     0.014 |
|     mul32               |     0.006 |
|     mul33               |     0.004 |
|     mul34               |     0.014 |
|     mul35               |     0.009 |
|     mul40               |     0.005 |
|     mul41               |     0.012 |
|     mul42               |     0.006 |
|     mul43               |     0.013 |
|     mul44               |     0.005 |
|     mul45               |     0.008 |
|     mul50               |     0.009 |
|     mul51               |     0.010 |
|     mul52               |     0.010 |
|     mul53               |     0.006 |
|     mul54               |     0.019 |
|     mul55               |     0.008 |
|   gf2mz_add             |     0.011 |
|   mem_S                 |     0.063 |
|   mem_S1S2              |     0.024 |
|   mem_finv              |     0.002 |
|     mem_reg_0_1_0_0     |    <0.001 |
|     mem_reg_0_1_100_100 |    <0.001 |
|     mem_reg_0_1_10_10   |    <0.001 |
|     mem_reg_0_1_11_11   |    <0.001 |
|     mem_reg_0_1_12_12   |    <0.001 |
|     mem_reg_0_1_13_13   |    <0.001 |
|     mem_reg_0_1_14_14   |    <0.001 |
|     mem_reg_0_1_15_15   |    <0.001 |
|     mem_reg_0_1_16_16   |    <0.001 |
|     mem_reg_0_1_17_17   |    <0.001 |
|     mem_reg_0_1_18_18   |    <0.001 |
|     mem_reg_0_1_19_19   |    <0.001 |
|     mem_reg_0_1_1_1     |    <0.001 |
|     mem_reg_0_1_20_20   |    <0.001 |
|     mem_reg_0_1_21_21   |    <0.001 |
|     mem_reg_0_1_22_22   |    <0.001 |
|     mem_reg_0_1_23_23   |    <0.001 |
|     mem_reg_0_1_24_24   |    <0.001 |
|     mem_reg_0_1_25_25   |    <0.001 |
|     mem_reg_0_1_26_26   |    <0.001 |
|     mem_reg_0_1_27_27   |    <0.001 |
|     mem_reg_0_1_28_28   |    <0.001 |
|     mem_reg_0_1_29_29   |    <0.001 |
|     mem_reg_0_1_2_2     |    <0.001 |
|     mem_reg_0_1_30_30   |    <0.001 |
|     mem_reg_0_1_31_31   |    <0.001 |
|     mem_reg_0_1_32_32   |    <0.001 |
|     mem_reg_0_1_33_33   |    <0.001 |
|     mem_reg_0_1_34_34   |    <0.001 |
|     mem_reg_0_1_35_35   |    <0.001 |
|     mem_reg_0_1_36_36   |    <0.001 |
|     mem_reg_0_1_37_37   |    <0.001 |
|     mem_reg_0_1_38_38   |    <0.001 |
|     mem_reg_0_1_39_39   |    <0.001 |
|     mem_reg_0_1_3_3     |    <0.001 |
|     mem_reg_0_1_40_40   |    <0.001 |
|     mem_reg_0_1_41_41   |    <0.001 |
|     mem_reg_0_1_42_42   |    <0.001 |
|     mem_reg_0_1_43_43   |    <0.001 |
|     mem_reg_0_1_44_44   |    <0.001 |
|     mem_reg_0_1_45_45   |    <0.001 |
|     mem_reg_0_1_46_46   |    <0.001 |
|     mem_reg_0_1_47_47   |    <0.001 |
|     mem_reg_0_1_48_48   |    <0.001 |
|     mem_reg_0_1_49_49   |    <0.001 |
|     mem_reg_0_1_4_4     |    <0.001 |
|     mem_reg_0_1_50_50   |    <0.001 |
|     mem_reg_0_1_51_51   |    <0.001 |
|     mem_reg_0_1_52_52   |    <0.001 |
|     mem_reg_0_1_53_53   |    <0.001 |
|     mem_reg_0_1_54_54   |    <0.001 |
|     mem_reg_0_1_55_55   |    <0.001 |
|     mem_reg_0_1_56_56   |    <0.001 |
|     mem_reg_0_1_57_57   |    <0.001 |
|     mem_reg_0_1_58_58   |    <0.001 |
|     mem_reg_0_1_59_59   |    <0.001 |
|     mem_reg_0_1_5_5     |    <0.001 |
|     mem_reg_0_1_60_60   |    <0.001 |
|     mem_reg_0_1_61_61   |    <0.001 |
|     mem_reg_0_1_62_62   |    <0.001 |
|     mem_reg_0_1_63_63   |    <0.001 |
|     mem_reg_0_1_64_64   |    <0.001 |
|     mem_reg_0_1_65_65   |    <0.001 |
|     mem_reg_0_1_66_66   |    <0.001 |
|     mem_reg_0_1_67_67   |    <0.001 |
|     mem_reg_0_1_68_68   |    <0.001 |
|     mem_reg_0_1_69_69   |    <0.001 |
|     mem_reg_0_1_6_6     |    <0.001 |
|     mem_reg_0_1_70_70   |    <0.001 |
|     mem_reg_0_1_71_71   |    <0.001 |
|     mem_reg_0_1_72_72   |    <0.001 |
|     mem_reg_0_1_73_73   |    <0.001 |
|     mem_reg_0_1_74_74   |    <0.001 |
|     mem_reg_0_1_75_75   |    <0.001 |
|     mem_reg_0_1_76_76   |    <0.001 |
|     mem_reg_0_1_77_77   |    <0.001 |
|     mem_reg_0_1_78_78   |    <0.001 |
|     mem_reg_0_1_79_79   |    <0.001 |
|     mem_reg_0_1_7_7     |    <0.001 |
|     mem_reg_0_1_80_80   |    <0.001 |
|     mem_reg_0_1_81_81   |    <0.001 |
|     mem_reg_0_1_82_82   |    <0.001 |
|     mem_reg_0_1_83_83   |    <0.001 |
|     mem_reg_0_1_84_84   |    <0.001 |
|     mem_reg_0_1_85_85   |    <0.001 |
|     mem_reg_0_1_86_86   |    <0.001 |
|     mem_reg_0_1_87_87   |    <0.001 |
|     mem_reg_0_1_88_88   |    <0.001 |
|     mem_reg_0_1_89_89   |    <0.001 |
|     mem_reg_0_1_8_8     |    <0.001 |
|     mem_reg_0_1_90_90   |    <0.001 |
|     mem_reg_0_1_91_91   |    <0.001 |
|     mem_reg_0_1_92_92   |    <0.001 |
|     mem_reg_0_1_93_93   |    <0.001 |
|     mem_reg_0_1_94_94   |    <0.001 |
|     mem_reg_0_1_95_95   |    <0.001 |
|     mem_reg_0_1_96_96   |    <0.001 |
|     mem_reg_0_1_97_97   |    <0.001 |
|     mem_reg_0_1_98_98   |    <0.001 |
|     mem_reg_0_1_99_99   |    <0.001 |
|     mem_reg_0_1_9_9     |    <0.001 |
|   mem_se                |     0.026 |
|   mem_sr                |     0.050 |
|   mem_y                 |     0.153 |
+-------------------------+-----------+


